// Vitest Snapshot v1, https://vitest.dev/guide/snapshot.html

exports[`workspace package wrappers are equivalent to monolith exports > probe output snapshots match monolith behavior 1`] = `
[
  {
    "monolithModules": [
      "@its-not-rocket-science/ananke",
    ],
    "name": "core",
    "probe": {
      "args": [
        1.234,
      ],
      "output": 12340,
      "symbol": "q",
    },
    "wrapperModule": "@ananke/core",
  },
  {
    "monolithModules": [
      "@its-not-rocket-science/ananke/combat",
    ],
    "name": "combat",
    "probe": {
      "args": [
        1200,
        7,
        100,
      ],
      "output": 1200,
      "symbol": "energyAtRange_J",
    },
    "wrapperModule": "@ananke/combat",
  },
  {
    "monolithModules": [
      "@its-not-rocket-science/ananke/calendar",
    ],
    "name": "campaign",
    "probe": {
      "args": [
        2,
        400,
      ],
      "output": {
        "dayOfYear": 365,
        "year": 2,
      },
      "symbol": "createCalendar",
    },
    "wrapperModule": "@ananke/campaign",
  },
  {
    "monolithModules": [
      "@its-not-rocket-science/ananke/species",
    ],
    "name": "content",
    "probe": {
      "args": [
        {
          "archetype": {
            "actuatorMassFrac": 3800,
            "actuatorMassVar": 1400,
            "actuatorScaleVar": 1400,
            "attentionDepth": 5,
            "bulkIntegrity": 9500,
            "bulkVar": 1400,
            "cognition": {
              "bodilyKinesthetic": 7500,
              "interSpecies": 6000,
              "interpersonal": 7000,
              "intrapersonal": 7500,
              "linguistic": 8000,
              "logicalMathematical": 7200,
              "musical": 8500,
              "naturalist": 7800,
              "spatial": 8000,
            },
            "coldTolerance": 7000,
            "coldVar": 2200,
            "concVar": 2800,
            "concussionTolerance": 4800,
            "continuousPowerVar": 2000,
            "continuousPower_W": 240,
            "controlQuality": 8200,
            "controlVar": 1600,
            "conversionEfficiency": 8800,
            "decisionLatency_s": 4000,
            "distressTolerance": 4000,
            "distressVar": 2800,
            "efficiencyVar": 800,
            "fatigueRate": 8000,
            "fatigueVar": 2000,
            "fineControl": 8800,
            "fineControlVar": 1400,
            "hearingRange_m": 800000,
            "heatTolerance": 4500,
            "heatVar": 2800,
            "massVar": 1000,
            "mass_kg": 62000,
            "peakForceVar": 1800,
            "peakForce_N": 160000,
            "peakPowerVar": 2200,
            "peakPower_W": 1100,
            "reachVar": 800,
            "reactionTimeVar": 2000,
            "reactionTime_s": 1700,
            "recoveryRate": 11000,
            "recoveryVar": 2200,
            "reserveEnergyVar": 2800,
            "reserveEnergy_J": 22000,
            "shockTolerance": 5000,
            "shockVar": 2800,
            "stability": 7200,
            "stabilityVar": 1800,
            "statureVar": 600,
            "stature_m": 18500,
            "structVar": 1400,
            "structureIntegrity": 9500,
            "structureScaleVar": 1200,
            "surfaceIntegrity": 9500,
            "surfaceVar": 1400,
            "threatHorizon_m": 600000,
            "visionArcDeg": 140,
            "visionRange_m": 5000000,
          },
          "bodyPlan": {
            "cnsLayout": {
              "type": "centralized",
            },
            "id": "humanoid",
            "locomotion": {
              "type": "biped",
            },
            "segments": [
              {
                "cnsRole": "central",
                "exposureWeight": {
                  "0": 1200,
                  "1": 1800,
                  "2": 1000,
                  "3": 1600,
                  "4": 1200,
                },
                "id": "head",
                "mass_kg": 5000,
                "parent": null,
                "tags": [
                  "head",
                  "shield-small-cover",
                ],
              },
              {
                "cnsRole": "ganglionic",
                "exposureWeight": {
                  "0": 5000,
                  "1": 2800,
                  "2": 2200,
                  "3": 3600,
                  "4": 5200,
                },
                "id": "torso",
                "mass_kg": 35000,
                "parent": null,
                "tags": [
                  "torso",
                  "shield-small-cover",
                ],
              },
              {
                "exposureWeight": {
                  "0": 950,
                  "1": 1400,
                  "2": 2200,
                  "3": 1200,
                  "4": 900,
                },
                "id": "leftArm",
                "manipulationRole": "primary",
                "mass_kg": 4000,
                "parent": "torso",
                "tags": [
                  "arm",
                  "shield-small-cover",
                ],
              },
              {
                "exposureWeight": {
                  "0": 950,
                  "1": 1400,
                  "2": 2200,
                  "3": 1200,
                  "4": 900,
                },
                "id": "rightArm",
                "manipulationRole": "primary",
                "mass_kg": 4000,
                "parent": "torso",
                "tags": [
                  "arm",
                  "shield-small-cover",
                ],
              },
              {
                "exposureWeight": {
                  "0": 950,
                  "1": 1300,
                  "2": 1200,
                  "3": 1200,
                  "4": 900,
                },
                "id": "leftLeg",
                "locomotionRole": "primary",
                "mass_kg": 10000,
                "parent": "torso",
                "tags": [
                  "leg",
                ],
              },
              {
                "exposureWeight": {
                  "0": 950,
                  "1": 1300,
                  "2": 1200,
                  "3": 1200,
                  "4": 900,
                },
                "id": "rightLeg",
                "locomotionRole": "primary",
                "mass_kg": 10000,
                "parent": "torso",
                "tags": [
                  "leg",
                ],
              },
            ],
          },
          "description": "Tall, slender humanoid with exceptional senses, dexterity, and long lifespan.",
          "id": "elf",
          "lore": "Long-lived woodland folk; keen senses and fine motor precision exceed human norms.",
          "name": "Elf",
          "physiology": {
            "bmrMultiplier": 8500,
          },
        },
        1337,
      ],
      "output": {
        "attributeKeys": 6,
        "bodyPlanId": "humanoid",
        "innateCapabilities": 0,
        "innateTraits": 0,
        "naturalWeapons": 0,
      },
      "symbol": "generateSpeciesIndividual",
    },
    "wrapperModule": "@ananke/content",
  },
]
`;
